--- STARTING AUTH VERIFICATION ---

1. Testing Default Login (admin@blackbanana.com)...

2. Testing Registration (newuser@test.com)...

3. Testing Invalid Secret...
Ô£ô Registration Blocked (Correct Behavior)

--- VERIFICATION COMPLETE ---
